Archive member included to satisfy reference by file (symbol)

C:/devkitPro/devkitARM/arm-none-eabi/lib\libc.a(lib_a-memcpy-stub.o)
                              build/libctru/srv.o (memcpy)
C:/devkitPro/devkitARM/arm-none-eabi/lib\libc.a(lib_a-memset.o)
                              build/main.o (memset)
C:/devkitPro/devkitARM/arm-none-eabi/lib\libc.a(lib_a-strcpy.o)
                              build/main.o (strcpy)
C:/devkitPro/devkitARM/arm-none-eabi/lib\libc.a(lib_a-strlen-stub.o)
                              build/libctru/srv.o (strlen)
C:/devkitPro/devkitARM/arm-none-eabi/lib\libc.a(lib_a-strncpy.o)
                              build/libctru/srv.o (strncpy)

Allocating common symbols
Common symbol       size              file

pmHandle            0x4               build/libctru/pm.o
g_ext_arm9_size     0x8               build/exploits/brahma.o
test_result         0x4               build/main.o
g_is_new3ds         0x1               build/main.o
bottomFramebufferInfo
                    0x1c              build/exploits/brahma.o
fb                  0xc               build/main.o
topFramebufferInfo  0x1c              build/exploits/brahma.o
g_ext_arm9_buf      0x4               build/exploits/brahma.o
g_srvHandle         0x4               build/libctru/fs.o

Memory Configuration

Name             Origin             Length             Attributes
RAMRO            0x0000000000101000 0x000000000000c000 xr
RAMRW            0x0000000008000000 0x0000000000100000 rw !l
*default*        0x0000000000000000 0xffffffffffffffff

Linker script and memory map


.text           0x0000000000101000     0x272c
 build/crt0.o(.init)
 .init          0x0000000000101000       0x40 build/crt0.o
                0x0000000000101000                _start
                0x000000000010103c                _init
 *(.text)
 .text          0x0000000000101040        0x0 build/crt0.o
 .text          0x0000000000101040      0x490 build/libctru/fs.o
                0x0000000000101040                FSUSER_Initialize
                0x0000000000101068                fsInit
                0x00000000001010a4                FSUSER_OpenFile
                0x0000000000101138                FSUSER_OpenFileDirectly
                0x00000000001011ec                FSUSER_OpenArchive
                0x0000000000101260                FSUSER_OpenDirectory
                0x00000000001012dc                FSUSER_CloseArchive
                0x0000000000101320                FSFILE_Close
                0x0000000000101344                FSFILE_Read
                0x000000000010139c                FSFILE_Write
                0x00000000001013fc                FSFILE_GetSize
                0x0000000000101434                FSFILE_SetSize
                0x000000000010145c                FSDIR_Read
                0x00000000001014ac                FSDIR_Close
 .text          0x00000000001014d0      0x154 build/libctru/srvpm.o
                0x0000000000101514                srvPmExit
                0x0000000000101544                srvPmInit
                0x000000000010158c                SRVPM_PublishToProcess
                0x00000000001015b4                SRVPM_PublishToAll
                0x00000000001015d0                SRVPM_RegisterProcess
                0x0000000000101608                SRVPM_UnregisterProcess
 .text          0x0000000000101624      0x500 build/libctru/srv.o
                0x0000000000101658                srvExit
                0x000000000010167c                srvRegisterClient
                0x00000000001016a8                srvInit
                0x0000000000101730                srvEnableNotification
                0x0000000000101768                srvRegisterService
                0x00000000001017d0                srvUnregisterService
                0x0000000000101818                srvGetServiceHandleDirect
                0x0000000000101880                srvGetServiceHandle
                0x0000000000101894                srvRegisterPort
                0x00000000001018ec                srvUnregisterPort
                0x0000000000101934                srvGetPort
                0x000000000010199c                srvSubscribe
                0x00000000001019c8                srvUnsubscribe
                0x00000000001019f4                srvReceiveNotification
                0x0000000000101a2c                srvPublishToSubscriber
                0x0000000000101a5c                srvPublishAndGetSubscriber
                0x0000000000101ab8                srvIsServiceRegistered
 .text          0x0000000000101b24       0xac build/libctru/os.o
                0x0000000000101b24                osConvertVirtToPhys
                0x0000000000101b70                osConvertOldLINEARMemToNew
                0x0000000000101b90                osGetMemRegionUsed
                0x0000000000101bb0                osStrError
 .text          0x0000000000101bd0      0x228 build/libctru/pm.o
                0x0000000000101bd0                pmInit
                0x0000000000101be4                pmExit
                0x0000000000101bf4                PM_LaunchTitle
                0x0000000000101c3c                PM_LaunchFIRMSetParams
                0x0000000000101c80                PM_TerminateCurrentApplication
                0x0000000000101cb4                PM_TerminateProcess
                0x0000000000101cec                PM_GetFIRMLaunchParams
                0x0000000000101d2c                PM_GetTitleExheaderFlags
                0x0000000000101d88                PM_SetFIRMLaunchParams
                0x0000000000101dc8                PM_UnregisterProcess
 .text          0x0000000000101df8      0x538 build/main.o
                0x0000000000101df8                set_test_result
                0x0000000000101e18                set_framebuffers
                0x0000000000101e4c                APT_GetLockHandle
                0x0000000000101e8c                APT_CheckNew3ds
                0x0000000000101ec8                hex2str
                0x0000000000101ef8                renderString
                0x0000000000101f3c                centerString
                0x0000000000101f68                drawHex
                0x0000000000101f9c                doGspwn
                0x0000000000101fd0                clearScreen
                0x0000000000102008                clearScreenB
                0x000000000010203c                errorScreen
                0x00000000001020b0                drawTitleScreen
                0x0000000000102100                _NS_RebootSystem
                0x0000000000102124                _NS_RebootToTitle
                0x0000000000102164                srvRegisterProcess
                0x00000000001021a0                srvUnregisterProcess
                0x00000000001021cc                _srv_getServiceHandle
                0x000000000010224c                get_offsets
 .text          0x0000000000102330        0x0 build/font.o
 .text          0x0000000000102330      0x114 build/text.o
                0x0000000000102330                drawCharacter
                0x00000000001023b8                drawString
 .text          0x0000000000102444      0x23c build/gspgpu.o
                0x0000000000102444                GSP_ImportDisplayCaptureInfo
                0x0000000000102494                GSP_GetScreenFBADR
                0x00000000001024f8                GSP_FlushDCache
                0x0000000000102508                GSP_WriteHWRegs
                0x0000000000102554                GSP_ReadHWRegs
                0x00000000001025a0                GSP_InvalidateDataCache
                0x00000000001025e8                GSP_ReleaseRight
                0x0000000000102608                GSP_SetBufferSwap
 .text          0x0000000000102680      0x8f4 build/exploits/brahma.o
                0x0000000000102680                brahma_init
                0x00000000001026b4                brahma_exit
                0x00000000001026bc                redirect_codeflow
                0x00000000001026d0                fill_firm_specific
                0x0000000000102bd4                get_exploit_data
                0x0000000000102bfc                setup_exploit_data
                0x0000000000102c4c                load_arm9_payload_offset
                0x0000000000102d70                map_arm9_payload
                0x0000000000102db8                map_arm11_payload
                0x0000000000102e20                exploit_arm9_race_condition
                0x0000000000102eb0                priv_firm_reboot
                0x0000000000102f0c                firm_reboot
 .text          0x0000000000102f74      0x124 build/exploits/rsa_exploit.o
                0x0000000000102f74                PS_VerifyRsaSha256_Exploit
 .text          0x0000000000103098      0x39c build/exploits/memchunkhax.o
                0x0000000000103098                k_read_kaddr
                0x00000000001030a0                k_write_kaddr
                0x00000000001030ac                svc_7b
                0x00000000001030ec                get_thread_page
                0x000000000010310c                k_enable_all_svcs
                0x0000000000103150                read_kaddr
                0x0000000000103160                write_kaddr
                0x0000000000103174                gspwn
                0x00000000001031d0                memchunkhax1_write_pair
                0x0000000000103390                do_memchunkhax1
                0x00000000001033c4                unlock_services
 .text          0x0000000000103434       0xc4 build/exploits/exploit.o
                0x0000000000103434                escalateServicePrivileges
 *fill*         0x00000000001034f8        0x8 
 .text          0x0000000000103500        0x0 build/libctru/svc.o
 .text          0x0000000000103500      0x1a4 build/bins/arm11.o
                0x0000000000103500                arm11_start
                0x0000000000103698                arm11_end
                0x0000000000103698                arm11_globals_start
                0x00000000001036a4                arm11_globals_end
 .text          0x00000000001036a4        0x0 build/bins/arm9.o
 *fill*         0x00000000001036a4        0xc 
 .text          0x00000000001036b0       0x7c build/utils.o
                0x00000000001036b0                svcConvertVAToPA
                0x00000000001036f4                InvalidateEntireInstructionCache
                0x0000000000103700                CleanEntireDataCache
                0x000000000010370c                dsb
                0x0000000000103718                DisableInterrupts
                0x0000000000103724                EnableInterrupts
 .text          0x000000000010372c        0x0 C:/devkitPro/devkitARM/arm-none-eabi/lib\libc.a(lib_a-memcpy-stub.o)
 .text          0x000000000010372c        0x0 C:/devkitPro/devkitARM/arm-none-eabi/lib\libc.a(lib_a-memset.o)
 .text          0x000000000010372c        0x0 C:/devkitPro/devkitARM/arm-none-eabi/lib\libc.a(lib_a-strcpy.o)
 .text          0x000000000010372c        0x0 C:/devkitPro/devkitARM/arm-none-eabi/lib\libc.a(lib_a-strlen-stub.o)
 .text          0x000000000010372c        0x0 C:/devkitPro/devkitARM/arm-none-eabi/lib\libc.a(lib_a-strncpy.o)

.glue_7         0x000000000010372c        0x0
 .glue_7        0x000000000010372c        0x0 linker stubs

.glue_7t        0x000000000010372c        0x0
 .glue_7t       0x000000000010372c        0x0 linker stubs

.vfp11_veneer   0x000000000010372c        0x0
 .vfp11_veneer  0x000000000010372c        0x0 linker stubs

.v4_bx          0x000000000010372c        0x0
 .v4_bx         0x000000000010372c        0x0 linker stubs

.iplt           0x000000000010372c        0x0
 .iplt          0x000000000010372c        0x0 build/crt0.o

.text.startup   0x0000000000103730      0x45c
 .text.startup  0x0000000000103730      0x45c build/main.o
                0x0000000000103730                main

.text.svcControlMemory
                0x0000000000103b8c       0x20
 .text.svcControlMemory
                0x0000000000103b8c       0x20 build/libctru/svc.o
                0x0000000000103b8c                svcControlMemory

.text.svcQueryMemory
                0x0000000000103bac       0x30
 .text.svcQueryMemory
                0x0000000000103bac       0x30 build/libctru/svc.o
                0x0000000000103bac                svcQueryMemory

.text.svcExitProcess
                0x0000000000103bdc        0x8
 .text.svcExitProcess
                0x0000000000103bdc        0x8 build/libctru/svc.o
                0x0000000000103bdc                svcExitProcess

.text.svcGetProcessAffinityMask
                0x0000000000103be4        0x8
 .text.svcGetProcessAffinityMask
                0x0000000000103be4        0x8 build/libctru/svc.o
                0x0000000000103be4                svcGetProcessAffinityMask

.text.svcSetProcessAffinityMask
                0x0000000000103bec        0x8
 .text.svcSetProcessAffinityMask
                0x0000000000103bec        0x8 build/libctru/svc.o
                0x0000000000103bec                svcSetProcessAffinityMask

.text.svcGetProcessIdealProcessor
                0x0000000000103bf4       0x14
 .text.svcGetProcessIdealProcessor
                0x0000000000103bf4       0x14 build/libctru/svc.o
                0x0000000000103bf4                svcGetProcessIdealProcessor

.text.svcSetProcessIdealProcessor
                0x0000000000103c08        0x8
 .text.svcSetProcessIdealProcessor
                0x0000000000103c08        0x8 build/libctru/svc.o
                0x0000000000103c08                svcSetProcessIdealProcessor

.text.svcCreateThread
                0x0000000000103c10       0x20
 .text.svcCreateThread
                0x0000000000103c10       0x20 build/libctru/svc.o
                0x0000000000103c10                svcCreateThread

.text.svcExitThread
                0x0000000000103c30        0x8
 .text.svcExitThread
                0x0000000000103c30        0x8 build/libctru/svc.o
                0x0000000000103c30                svcExitThread

.text.svcSleepThread
                0x0000000000103c38        0x8
 .text.svcSleepThread
                0x0000000000103c38        0x8 build/libctru/svc.o
                0x0000000000103c38                svcSleepThread

.text.svcGetThreadPriority
                0x0000000000103c40       0x14
 .text.svcGetThreadPriority
                0x0000000000103c40       0x14 build/libctru/svc.o
                0x0000000000103c40                svcGetThreadPriority

.text.svcSetThreadPriority
                0x0000000000103c54        0x8
 .text.svcSetThreadPriority
                0x0000000000103c54        0x8 build/libctru/svc.o
                0x0000000000103c54                svcSetThreadPriority

.text.svcGetThreadAffinityMask
                0x0000000000103c5c        0x8
 .text.svcGetThreadAffinityMask
                0x0000000000103c5c        0x8 build/libctru/svc.o
                0x0000000000103c5c                svcGetThreadAffinityMask

.text.svcSetThreadAffinityMask
                0x0000000000103c64        0x8
 .text.svcSetThreadAffinityMask
                0x0000000000103c64        0x8 build/libctru/svc.o
                0x0000000000103c64                svcSetThreadAffinityMask

.text.svcGetThreadIdealProcessor
                0x0000000000103c6c       0x14
 .text.svcGetThreadIdealProcessor
                0x0000000000103c6c       0x14 build/libctru/svc.o
                0x0000000000103c6c                svcGetThreadIdealProcessor

.text.svcSetThreadIdealProcessor
                0x0000000000103c80        0x8
 .text.svcSetThreadIdealProcessor
                0x0000000000103c80        0x8 build/libctru/svc.o
                0x0000000000103c80                svcSetThreadIdealProcessor

.text.svcGetProcessorID
                0x0000000000103c88        0x8
 .text.svcGetProcessorID
                0x0000000000103c88        0x8 build/libctru/svc.o
                0x0000000000103c88                svcGetProcessorID

.text.svcRun    0x0000000000103c90       0x24
 .text.svcRun   0x0000000000103c90       0x24 build/libctru/svc.o
                0x0000000000103c90                svcRun

.text.svcCreateMutex
                0x0000000000103cb4       0x14
 .text.svcCreateMutex
                0x0000000000103cb4       0x14 build/libctru/svc.o
                0x0000000000103cb4                svcCreateMutex

.text.svcReleaseMutex
                0x0000000000103cc8        0x8
 .text.svcReleaseMutex
                0x0000000000103cc8        0x8 build/libctru/svc.o
                0x0000000000103cc8                svcReleaseMutex

.text.svcCreateSemaphore
                0x0000000000103cd0       0x14
 .text.svcCreateSemaphore
                0x0000000000103cd0       0x14 build/libctru/svc.o
                0x0000000000103cd0                svcCreateSemaphore

.text.svcReleaseSemaphore
                0x0000000000103ce4       0x14
 .text.svcReleaseSemaphore
                0x0000000000103ce4       0x14 build/libctru/svc.o
                0x0000000000103ce4                svcReleaseSemaphore

.text.svcCreateEvent
                0x0000000000103cf8       0x14
 .text.svcCreateEvent
                0x0000000000103cf8       0x14 build/libctru/svc.o
                0x0000000000103cf8                svcCreateEvent

.text.svcSignalEvent
                0x0000000000103d0c        0x8
 .text.svcSignalEvent
                0x0000000000103d0c        0x8 build/libctru/svc.o
                0x0000000000103d0c                svcSignalEvent

.text.svcClearEvent
                0x0000000000103d14        0x8
 .text.svcClearEvent
                0x0000000000103d14        0x8 build/libctru/svc.o
                0x0000000000103d14                svcClearEvent

.text.svcCreateTimer
                0x0000000000103d1c       0x14
 .text.svcCreateTimer
                0x0000000000103d1c       0x14 build/libctru/svc.o
                0x0000000000103d1c                svcCreateTimer

.text.svcSetTimer
                0x0000000000103d30       0x18
 .text.svcSetTimer
                0x0000000000103d30       0x18 build/libctru/svc.o
                0x0000000000103d30                svcSetTimer

.text.svcCancelTimer
                0x0000000000103d48        0x8
 .text.svcCancelTimer
                0x0000000000103d48        0x8 build/libctru/svc.o
                0x0000000000103d48                svcCancelTimer

.text.svcClearTimer
                0x0000000000103d50        0x8
 .text.svcClearTimer
                0x0000000000103d50        0x8 build/libctru/svc.o
                0x0000000000103d50                svcClearTimer

.text.svcCreateMemoryBlock
                0x0000000000103d58       0x18
 .text.svcCreateMemoryBlock
                0x0000000000103d58       0x18 build/libctru/svc.o
                0x0000000000103d58                svcCreateMemoryBlock

.text.svcMapMemoryBlock
                0x0000000000103d70        0x8
 .text.svcMapMemoryBlock
                0x0000000000103d70        0x8 build/libctru/svc.o
                0x0000000000103d70                svcMapMemoryBlock

.text.svcUnmapMemoryBlock
                0x0000000000103d78        0x8
 .text.svcUnmapMemoryBlock
                0x0000000000103d78        0x8 build/libctru/svc.o
                0x0000000000103d78                svcUnmapMemoryBlock

.text.svcCreateAddressArbiter
                0x0000000000103d80       0x14
 .text.svcCreateAddressArbiter
                0x0000000000103d80       0x14 build/libctru/svc.o
                0x0000000000103d80                svcCreateAddressArbiter

.text.svcArbitrateAddress
                0x0000000000103d94       0x18
 .text.svcArbitrateAddress
                0x0000000000103d94       0x18 build/libctru/svc.o
                0x0000000000103d94                svcArbitrateAddress

.text.svcCloseHandle
                0x0000000000103dac        0x8
 .text.svcCloseHandle
                0x0000000000103dac        0x8 build/libctru/svc.o
                0x0000000000103dac                svcCloseHandle

.text.svcWaitSynchronization
                0x0000000000103db4        0x8
 .text.svcWaitSynchronization
                0x0000000000103db4        0x8 build/libctru/svc.o
                0x0000000000103db4                svcWaitSynchronization

.text.svcWaitSynchronizationN
                0x0000000000103dbc       0x28
 .text.svcWaitSynchronizationN
                0x0000000000103dbc       0x28 build/libctru/svc.o
                0x0000000000103dbc                svcWaitSynchronizationN

.text.svcDuplicateHandle
                0x0000000000103de4       0x14
 .text.svcDuplicateHandle
                0x0000000000103de4       0x14 build/libctru/svc.o
                0x0000000000103de4                svcDuplicateHandle

.text.svcGetSystemTick
                0x0000000000103df8        0x8
 .text.svcGetSystemTick
                0x0000000000103df8        0x8 build/libctru/svc.o
                0x0000000000103df8                svcGetSystemTick

.text.svcGetHandleInfo
                0x0000000000103e00       0x18
 .text.svcGetHandleInfo
                0x0000000000103e00       0x18 build/libctru/svc.o
                0x0000000000103e00                svcGetHandleInfo

.text.svcGetSystemInfo
                0x0000000000103e18       0x18
 .text.svcGetSystemInfo
                0x0000000000103e18       0x18 build/libctru/svc.o
                0x0000000000103e18                svcGetSystemInfo

.text.svcGetProcessInfo
                0x0000000000103e30       0x18
 .text.svcGetProcessInfo
                0x0000000000103e30       0x18 build/libctru/svc.o
                0x0000000000103e30                svcGetProcessInfo

.text.svcGetThreadInfo
                0x0000000000103e48       0x18
 .text.svcGetThreadInfo
                0x0000000000103e48       0x18 build/libctru/svc.o
                0x0000000000103e48                svcGetThreadInfo

.text.svcConnectToPort
                0x0000000000103e60       0x14
 .text.svcConnectToPort
                0x0000000000103e60       0x14 build/libctru/svc.o
                0x0000000000103e60                svcConnectToPort

.text.svcSendSyncRequest
                0x0000000000103e74        0x8
 .text.svcSendSyncRequest
                0x0000000000103e74        0x8 build/libctru/svc.o
                0x0000000000103e74                svcSendSyncRequest

.text.svcOpenProcess
                0x0000000000103e7c       0x14
 .text.svcOpenProcess
                0x0000000000103e7c       0x14 build/libctru/svc.o
                0x0000000000103e7c                svcOpenProcess

.text.svcOpenThread
                0x0000000000103e90       0x14
 .text.svcOpenThread
                0x0000000000103e90       0x14 build/libctru/svc.o
                0x0000000000103e90                svcOpenThread

.text.svcGetProcessId
                0x0000000000103ea4       0x14
 .text.svcGetProcessId
                0x0000000000103ea4       0x14 build/libctru/svc.o
                0x0000000000103ea4                svcGetProcessId

.text.svcGetProcessIdOfThread
                0x0000000000103eb8       0x14
 .text.svcGetProcessIdOfThread
                0x0000000000103eb8       0x14 build/libctru/svc.o
                0x0000000000103eb8                svcGetProcessIdOfThread

.text.svcGetThreadId
                0x0000000000103ecc       0x14
 .text.svcGetThreadId
                0x0000000000103ecc       0x14 build/libctru/svc.o
                0x0000000000103ecc                svcGetThreadId

.text.svcGetResourceLimit
                0x0000000000103ee0       0x14
 .text.svcGetResourceLimit
                0x0000000000103ee0       0x14 build/libctru/svc.o
                0x0000000000103ee0                svcGetResourceLimit

.text.svcGetResourceLimitLimitValues
                0x0000000000103ef4        0x8
 .text.svcGetResourceLimitLimitValues
                0x0000000000103ef4        0x8 build/libctru/svc.o
                0x0000000000103ef4                svcGetResourceLimitLimitValues

.text.svcGetResourceLimitCurrentValues
                0x0000000000103efc        0x8
 .text.svcGetResourceLimitCurrentValues
                0x0000000000103efc        0x8 build/libctru/svc.o
                0x0000000000103efc                svcGetResourceLimitCurrentValues

.text.svcBreak  0x0000000000103f04        0x8
 .text.svcBreak
                0x0000000000103f04        0x8 build/libctru/svc.o
                0x0000000000103f04                svcBreak

.text.svcOutputDebugString
                0x0000000000103f0c        0x8
 .text.svcOutputDebugString
                0x0000000000103f0c        0x8 build/libctru/svc.o
                0x0000000000103f0c                svcOutputDebugString

.text.svcCreatePort
                0x0000000000103f14       0x20
 .text.svcCreatePort
                0x0000000000103f14       0x20 build/libctru/svc.o
                0x0000000000103f14                svcCreatePort

.text.svcCreateSessionToPort
                0x0000000000103f34       0x14
 .text.svcCreateSessionToPort
                0x0000000000103f34       0x14 build/libctru/svc.o
                0x0000000000103f34                svcCreateSessionToPort

.text.svcCreateSession
                0x0000000000103f48       0x20
 .text.svcCreateSession
                0x0000000000103f48       0x20 build/libctru/svc.o
                0x0000000000103f48                svcCreateSession

.text.svcAcceptSession
                0x0000000000103f68       0x18
 .text.svcAcceptSession
                0x0000000000103f68       0x18 build/libctru/svc.o
                0x0000000000103f68                svcAcceptSession

.text.svcReplyAndReceive
                0x0000000000103f80       0x18
 .text.svcReplyAndReceive
                0x0000000000103f80       0x18 build/libctru/svc.o
                0x0000000000103f80                svcReplyAndReceive

.text.svcBindInterrupt
                0x0000000000103f98        0x8
 .text.svcBindInterrupt
                0x0000000000103f98        0x8 build/libctru/svc.o
                0x0000000000103f98                svcBindInterrupt

.text.svcUnbindInterrupt
                0x0000000000103fa0        0x8
 .text.svcUnbindInterrupt
                0x0000000000103fa0        0x8 build/libctru/svc.o
                0x0000000000103fa0                svcUnbindInterrupt

.text.svcInvalidateProcessDataCache
                0x0000000000103fa8        0x8
 .text.svcInvalidateProcessDataCache
                0x0000000000103fa8        0x8 build/libctru/svc.o
                0x0000000000103fa8                svcInvalidateProcessDataCache

.text.svcStoreProcessDataCache
                0x0000000000103fb0        0x8
 .text.svcStoreProcessDataCache
                0x0000000000103fb0        0x8 build/libctru/svc.o
                0x0000000000103fb0                svcStoreProcessDataCache

.text.svcFlushProcessDataCache
                0x0000000000103fb8        0x8
 .text.svcFlushProcessDataCache
                0x0000000000103fb8        0x8 build/libctru/svc.o
                0x0000000000103fb8                svcFlushProcessDataCache

.text.svcStartInterProcessDma
                0x0000000000103fc0       0x20
 .text.svcStartInterProcessDma
                0x0000000000103fc0       0x20 build/libctru/svc.o
                0x0000000000103fc0                svcStartInterProcessDma

.text.svcStopDma
                0x0000000000103fe0        0x8
 .text.svcStopDma
                0x0000000000103fe0        0x8 build/libctru/svc.o
                0x0000000000103fe0                svcStopDma

.text.svcGetDmaState
                0x0000000000103fe8       0x14
 .text.svcGetDmaState
                0x0000000000103fe8       0x14 build/libctru/svc.o
                0x0000000000103fe8                svcGetDmaState

.text.svcSetGpuProt
                0x0000000000103ffc        0x8
 .text.svcSetGpuProt
                0x0000000000103ffc        0x8 build/libctru/svc.o
                0x0000000000103ffc                svcSetGpuProt

.text.svcSetWifiEnabled
                0x0000000000104004        0x8
 .text.svcSetWifiEnabled
                0x0000000000104004        0x8 build/libctru/svc.o
                0x0000000000104004                svcSetWifiEnabled

.text.svcDebugActiveProcess
                0x000000000010400c       0x14
 .text.svcDebugActiveProcess
                0x000000000010400c       0x14 build/libctru/svc.o
                0x000000000010400c                svcDebugActiveProcess

.text.svcBreakDebugProcess
                0x0000000000104020        0x8
 .text.svcBreakDebugProcess
                0x0000000000104020        0x8 build/libctru/svc.o
                0x0000000000104020                svcBreakDebugProcess

.text.svcTerminateDebugProcess
                0x0000000000104028        0x8
 .text.svcTerminateDebugProcess
                0x0000000000104028        0x8 build/libctru/svc.o
                0x0000000000104028                svcTerminateDebugProcess

.text.svcGetProcessDebugEvent
                0x0000000000104030        0x8
 .text.svcGetProcessDebugEvent
                0x0000000000104030        0x8 build/libctru/svc.o
                0x0000000000104030                svcGetProcessDebugEvent

.text.svcContinueDebugEvent
                0x0000000000104038        0x8
 .text.svcContinueDebugEvent
                0x0000000000104038        0x8 build/libctru/svc.o
                0x0000000000104038                svcContinueDebugEvent

.text.svcGetProcessList
                0x0000000000104040       0x14
 .text.svcGetProcessList
                0x0000000000104040       0x14 build/libctru/svc.o
                0x0000000000104040                svcGetProcessList

.text.svcGetThreadList
                0x0000000000104054       0x14
 .text.svcGetThreadList
                0x0000000000104054       0x14 build/libctru/svc.o
                0x0000000000104054                svcGetThreadList

.text.svcGetDebugThreadContext
                0x0000000000104068        0x8
 .text.svcGetDebugThreadContext
                0x0000000000104068        0x8 build/libctru/svc.o
                0x0000000000104068                svcGetDebugThreadContext

.text.svcSetDebugThreadContext
                0x0000000000104070        0x8
 .text.svcSetDebugThreadContext
                0x0000000000104070        0x8 build/libctru/svc.o
                0x0000000000104070                svcSetDebugThreadContext

.text.svcQueryDebugProcessMemory
                0x0000000000104078       0x24
 .text.svcQueryDebugProcessMemory
                0x0000000000104078       0x24 build/libctru/svc.o
                0x0000000000104078                svcQueryDebugProcessMemory

.text.svcReadProcessMemory
                0x000000000010409c        0x8
 .text.svcReadProcessMemory
                0x000000000010409c        0x8 build/libctru/svc.o
                0x000000000010409c                svcReadProcessMemory

.text.svcWriteProcessMemory
                0x00000000001040a4        0x8
 .text.svcWriteProcessMemory
                0x00000000001040a4        0x8 build/libctru/svc.o
                0x00000000001040a4                svcWriteProcessMemory

.text.svcSetHardwareBreakPoint
                0x00000000001040ac        0x8
 .text.svcSetHardwareBreakPoint
                0x00000000001040ac        0x8 build/libctru/svc.o
                0x00000000001040ac                svcSetHardwareBreakPoint

.text.svcGetDebugThreadParam
                0x00000000001040b4       0x20
 .text.svcGetDebugThreadParam
                0x00000000001040b4       0x20 build/libctru/svc.o
                0x00000000001040b4                svcGetDebugThreadParam

.text.svcControlProcessMemory
                0x00000000001040d4       0x18
 .text.svcControlProcessMemory
                0x00000000001040d4       0x18 build/libctru/svc.o
                0x00000000001040d4                svcControlProcessMemory

.text.svcMapProcessMemory
                0x00000000001040ec        0x8
 .text.svcMapProcessMemory
                0x00000000001040ec        0x8 build/libctru/svc.o
                0x00000000001040ec                svcMapProcessMemory

.text.svcUnmapProcessMemory
                0x00000000001040f4        0x8
 .text.svcUnmapProcessMemory
                0x00000000001040f4        0x8 build/libctru/svc.o
                0x00000000001040f4                svcUnmapProcessMemory

.text.svcCreateCodeSet
                0x00000000001040fc       0x1c
 .text.svcCreateCodeSet
                0x00000000001040fc       0x1c build/libctru/svc.o
                0x00000000001040fc                svcCreateCodeSet

.text.svcCreateProcess
                0x0000000000104118       0x18
 .text.svcCreateProcess
                0x0000000000104118       0x18 build/libctru/svc.o
                0x0000000000104118                svcCreateProcess

.text.svcTerminateProcess
                0x0000000000104130        0x8
 .text.svcTerminateProcess
                0x0000000000104130        0x8 build/libctru/svc.o
                0x0000000000104130                svcTerminateProcess

.text.svcSetProcessResourceLimits
                0x0000000000104138        0x8
 .text.svcSetProcessResourceLimits
                0x0000000000104138        0x8 build/libctru/svc.o
                0x0000000000104138                svcSetProcessResourceLimits

.text.svcCreateResourceLimits
                0x0000000000104140       0x14
 .text.svcCreateResourceLimits
                0x0000000000104140       0x14 build/libctru/svc.o
                0x0000000000104140                svcCreateResourceLimits

.text.svcSetResourceLimitValues
                0x0000000000104154        0x8
 .text.svcSetResourceLimitValues
                0x0000000000104154        0x8 build/libctru/svc.o
                0x0000000000104154                svcSetResourceLimitValues

.text.svcBackdoor
                0x000000000010415c        0x8
 .text.svcBackdoor
                0x000000000010415c        0x8 build/libctru/svc.o
                0x000000000010415c                svcBackdoor

.text.svcKernelSetState
                0x0000000000104164        0x8
 .text.svcKernelSetState
                0x0000000000104164        0x8 build/libctru/svc.o
                0x0000000000104164                svcKernelSetState

.text.svcQueryProcessMemory
                0x000000000010416c       0x24
 .text.svcQueryProcessMemory
                0x000000000010416c       0x24 build/libctru/svc.o
                0x000000000010416c                svcQueryProcessMemory

.text.getArm9Payload
                0x0000000000104190       0x1c
 .text.getArm9Payload
                0x0000000000104190       0x1c build/bins/arm9.o
                0x0000000000104190                getArm9Payload

.text.memcpy    0x00000000001041ac      0x124
 .text.memcpy   0x00000000001041ac      0x124 C:/devkitPro/devkitARM/arm-none-eabi/lib\libc.a(lib_a-memcpy-stub.o)
                0x00000000001041ac                memcpy

.text.memset    0x00000000001042d0      0x11c
 .text.memset   0x00000000001042d0      0x11c C:/devkitPro/devkitARM/arm-none-eabi/lib\libc.a(lib_a-memset.o)
                0x00000000001042d0                memset

.text.strcpy    0x00000000001043ec       0xf0
 .text.strcpy   0x00000000001043ec       0xf0 C:/devkitPro/devkitARM/arm-none-eabi/lib\libc.a(lib_a-strcpy.o)
                0x00000000001043ec                strcpy

.text.strlen    0x00000000001044dc       0x60
 .text.strlen   0x00000000001044dc       0x60 C:/devkitPro/devkitARM/arm-none-eabi/lib\libc.a(lib_a-strlen-stub.o)
                0x00000000001044dc                strlen

.text.strncpy   0x000000000010453c       0xcc
 .text.strncpy  0x000000000010453c       0xcc C:/devkitPro/devkitARM/arm-none-eabi/lib\libc.a(lib_a-strncpy.o)
                0x000000000010453c                strncpy

.rodata         0x0000000000104608     0x19d8
 *(.rodata)
 .rodata        0x0000000000104608       0x2c build/libctru/os.o
 .rodata        0x0000000000104634       0x7c build/main.o
                0x0000000000104634                hexTable
                0x0000000000104644                aptServiceNames
                0x0000000000104650                access_bin
 .rodata        0x00000000001046b0      0x2f4 build/font.o
                0x00000000001046b0                font_bin
 .rodata        0x00000000001049a4       0x10 build/exploits/exploit.o
 *(.roda)
 *(.rodata.*)
 .rodata.str1.1
                0x00000000001049b4        0x8 build/libctru/fs.o
 .rodata.str1.1
                0x00000000001049bc        0x7 build/libctru/srvpm.o
 .rodata.str1.1
                0x00000000001049c3        0x5 build/libctru/srv.o
 .rodata.str1.1
                0x00000000001049c8       0xad build/libctru/os.o
 .rodata.str1.1
                0x0000000000104a75        0x7 build/libctru/pm.o
 .rodata.str1.1
                0x0000000000104a7c      0x165 build/main.o
                                        0x174 (size before relaxing)
 .rodata.str1.1
                0x0000000000104be1      0x165 build/exploits/brahma.o
                                          0x1 (size before relaxing)
 *fill*         0x0000000000104be1        0xf 
 .rodata.arm9Payload
                0x0000000000104bf0     0x13f0 build/bins/arm9.o
 *all.rodata*(*)
 *(.gnu.linkonce.r*)
                0x0000000000105fe0                . = ALIGN (0x4)

.rel.dyn        0x0000000000104608        0x0 load address 0x0000000000105fe0
 .rel.iplt      0x0000000000104608        0x0 build/crt0.o

.data           0x0000000000105fe0        0x0
 .data          0x0000000000105fe0        0x0 build/crt0.o
 .data          0x0000000000105fe0        0x0 build/libctru/fs.o
 .data          0x0000000000105fe0        0x0 build/libctru/srvpm.o
 .data          0x0000000000105fe0        0x0 build/libctru/srv.o
 .data          0x0000000000105fe0        0x0 build/libctru/os.o
 .data          0x0000000000105fe0        0x0 build/libctru/pm.o
 .data          0x0000000000105fe0        0x0 build/main.o
 .data          0x0000000000105fe0        0x0 build/font.o
 .data          0x0000000000105fe0        0x0 build/text.o
 .data          0x0000000000105fe0        0x0 build/gspgpu.o
 .data          0x0000000000105fe0        0x0 build/exploits/brahma.o
 .data          0x0000000000105fe0        0x0 build/exploits/rsa_exploit.o
 .data          0x0000000000105fe0        0x0 build/exploits/memchunkhax.o
 .data          0x0000000000105fe0        0x0 build/exploits/exploit.o
 .data          0x0000000000105fe0        0x0 build/libctru/svc.o
 .data          0x0000000000105fe0        0x0 build/bins/arm11.o
 .data          0x0000000000105fe0        0x0 build/bins/arm9.o
 .data          0x0000000000105fe0        0x0 build/utils.o
 .data          0x0000000000105fe0        0x0 C:/devkitPro/devkitARM/arm-none-eabi/lib\libc.a(lib_a-memcpy-stub.o)
 .data          0x0000000000105fe0        0x0 C:/devkitPro/devkitARM/arm-none-eabi/lib\libc.a(lib_a-memset.o)
 .data          0x0000000000105fe0        0x0 C:/devkitPro/devkitARM/arm-none-eabi/lib\libc.a(lib_a-strcpy.o)
 .data          0x0000000000105fe0        0x0 C:/devkitPro/devkitARM/arm-none-eabi/lib\libc.a(lib_a-strlen-stub.o)
 .data          0x0000000000105fe0        0x0 C:/devkitPro/devkitARM/arm-none-eabi/lib\libc.a(lib_a-strncpy.o)

.igot.plt       0x0000000000105fe0        0x0
 .igot.plt      0x0000000000105fe0        0x0 build/crt0.o

.bss            0x0000000008000000       0xb4
                0x0000000008000000                _bss_start = .
 *(.bss)
 .bss           0x0000000008000000        0x0 build/crt0.o
 .bss           0x0000000008000000        0x0 build/libctru/fs.o
 .bss           0x0000000008000000        0x0 build/libctru/srvpm.o
 .bss           0x0000000008000000        0x0 build/libctru/srv.o
 .bss           0x0000000008000000        0x0 build/libctru/os.o
 .bss           0x0000000008000000        0x0 build/libctru/pm.o
 .bss           0x0000000008000000       0x10 build/main.o
                0x0000000008000000                hook1_pa
                0x0000000008000004                hook2_pa
                0x0000000008000008                return_pa
                0x000000000800000c                kernel_set_state
 .bss           0x0000000008000010        0x0 build/font.o
 .bss           0x0000000008000010        0x0 build/text.o
 .bss           0x0000000008000010        0x0 build/gspgpu.o
 .bss           0x0000000008000010       0x3d build/exploits/brahma.o
                0x000000000800004c                back_value
 .bss           0x000000000800004d        0x0 build/exploits/rsa_exploit.o
 .bss           0x000000000800004d        0x0 build/exploits/memchunkhax.o
 .bss           0x000000000800004d        0x0 build/exploits/exploit.o
 .bss           0x000000000800004d        0x0 build/libctru/svc.o
 .bss           0x000000000800004d        0x0 build/bins/arm11.o
 .bss           0x000000000800004d        0x0 build/bins/arm9.o
 .bss           0x000000000800004d        0x0 build/utils.o
 .bss           0x000000000800004d        0x0 C:/devkitPro/devkitARM/arm-none-eabi/lib\libc.a(lib_a-memcpy-stub.o)
 .bss           0x000000000800004d        0x0 C:/devkitPro/devkitARM/arm-none-eabi/lib\libc.a(lib_a-memset.o)
 .bss           0x000000000800004d        0x0 C:/devkitPro/devkitARM/arm-none-eabi/lib\libc.a(lib_a-strcpy.o)
 .bss           0x000000000800004d        0x0 C:/devkitPro/devkitARM/arm-none-eabi/lib\libc.a(lib_a-strlen-stub.o)
 .bss           0x000000000800004d        0x0 C:/devkitPro/devkitARM/arm-none-eabi/lib\libc.a(lib_a-strncpy.o)
 *fill*         0x000000000800004d        0x3 
 COMMON         0x0000000008000050        0x4 build/libctru/fs.o
                0x0000000008000050                g_srvHandle
 COMMON         0x0000000008000054        0x4 build/libctru/pm.o
                0x0000000008000054                pmHandle
 COMMON         0x0000000008000058       0x14 build/main.o
                0x0000000008000058                test_result
                0x000000000800005c                g_is_new3ds
                0x0000000008000060                fb
 *fill*         0x000000000800006c        0x4 
 COMMON         0x0000000008000070       0x44 build/exploits/brahma.o
                0x0000000008000070                g_ext_arm9_size
                0x0000000008000078                bottomFramebufferInfo
                0x0000000008000094                topFramebufferInfo
                0x00000000080000b0                g_ext_arm9_buf
                0x00000000080000b4                _bss_end = .
LOAD build/libctru/fs.o
LOAD build/libctru/srvpm.o
LOAD build/libctru/srv.o
LOAD build/libctru/os.o
LOAD build/libctru/pm.o
LOAD build/main.o
LOAD build/font.o
LOAD build/text.o
LOAD build/gspgpu.o
LOAD build/exploits/brahma.o
LOAD build/exploits/rsa_exploit.o
LOAD build/exploits/memchunkhax.o
LOAD build/exploits/exploit.o
LOAD build/libctru/svc.o
LOAD build/bins/arm11.o
LOAD build/bins/arm9.o
LOAD build/utils.o
LOAD C:/devkitPro/devkitARM/arm-none-eabi/lib\libm.a
LOAD C:/devkitPro/devkitARM/arm-none-eabi/lib\libc.a
OUTPUT(otherapp.elf elf32-littlearm)

.ARM.attributes
                0x0000000000000000       0x27
 .ARM.attributes
                0x0000000000000000       0x19 build/crt0.o
 .ARM.attributes
                0x0000000000000019       0x2b build/libctru/fs.o
 .ARM.attributes
                0x0000000000000044       0x2b build/libctru/srvpm.o
 .ARM.attributes
                0x000000000000006f       0x2b build/libctru/srv.o
 .ARM.attributes
                0x000000000000009a       0x2b build/libctru/os.o
 .ARM.attributes
                0x00000000000000c5       0x2b build/libctru/pm.o
 .ARM.attributes
                0x00000000000000f0       0x2b build/main.o
 .ARM.attributes
                0x000000000000011b       0x2b build/font.o
 .ARM.attributes
                0x0000000000000146       0x2b build/text.o
 .ARM.attributes
                0x0000000000000171       0x2b build/gspgpu.o
 .ARM.attributes
                0x000000000000019c       0x2b build/exploits/brahma.o
 .ARM.attributes
                0x00000000000001c7       0x2b build/exploits/rsa_exploit.o
 .ARM.attributes
                0x00000000000001f2       0x2b build/exploits/memchunkhax.o
 .ARM.attributes
                0x000000000000021d       0x2b build/exploits/exploit.o
 .ARM.attributes
                0x0000000000000248       0x19 build/libctru/svc.o
 .ARM.attributes
                0x0000000000000261       0x19 build/bins/arm11.o
 .ARM.attributes
                0x000000000000027a       0x19 build/bins/arm9.o
 .ARM.attributes
                0x0000000000000293       0x19 build/utils.o
 .ARM.attributes
                0x00000000000002ac       0x2a C:/devkitPro/devkitARM/arm-none-eabi/lib\libc.a(lib_a-memcpy-stub.o)
 .ARM.attributes
                0x00000000000002d6       0x2a C:/devkitPro/devkitARM/arm-none-eabi/lib\libc.a(lib_a-memset.o)
 .ARM.attributes
                0x0000000000000300       0x2a C:/devkitPro/devkitARM/arm-none-eabi/lib\libc.a(lib_a-strcpy.o)
 .ARM.attributes
                0x000000000000032a       0x2a C:/devkitPro/devkitARM/arm-none-eabi/lib\libc.a(lib_a-strlen-stub.o)
 .ARM.attributes
                0x0000000000000354       0x2a C:/devkitPro/devkitARM/arm-none-eabi/lib\libc.a(lib_a-strncpy.o)

.comment        0x0000000000000000       0x22
 .comment       0x0000000000000000       0x22 build/libctru/fs.o
                                         0x23 (size before relaxing)
 .comment       0x0000000000000022       0x23 build/libctru/srvpm.o
 .comment       0x0000000000000022       0x23 build/libctru/srv.o
 .comment       0x0000000000000022       0x23 build/libctru/os.o
 .comment       0x0000000000000022       0x23 build/libctru/pm.o
 .comment       0x0000000000000022       0x23 build/main.o
 .comment       0x0000000000000022       0x23 build/font.o
 .comment       0x0000000000000022       0x23 build/text.o
 .comment       0x0000000000000022       0x23 build/gspgpu.o
 .comment       0x0000000000000022       0x23 build/exploits/brahma.o
 .comment       0x0000000000000022       0x23 build/exploits/rsa_exploit.o
 .comment       0x0000000000000022       0x23 build/exploits/memchunkhax.o
 .comment       0x0000000000000022       0x23 build/exploits/exploit.o
 .comment       0x0000000000000022       0x23 C:/devkitPro/devkitARM/arm-none-eabi/lib\libc.a(lib_a-memcpy-stub.o)
 .comment       0x0000000000000022       0x23 C:/devkitPro/devkitARM/arm-none-eabi/lib\libc.a(lib_a-memset.o)
 .comment       0x0000000000000022       0x23 C:/devkitPro/devkitARM/arm-none-eabi/lib\libc.a(lib_a-strcpy.o)
 .comment       0x0000000000000022       0x23 C:/devkitPro/devkitARM/arm-none-eabi/lib\libc.a(lib_a-strlen-stub.o)
 .comment       0x0000000000000022       0x23 C:/devkitPro/devkitARM/arm-none-eabi/lib\libc.a(lib_a-strncpy.o)
